2018-11-04 23:44:46,732 - framework - INFO - test_01----01  start
2018-11-04 23:44:48,733 - framework - INFO - test_01____01 end
2018-11-04 23:44:48,733 - framework - INFO - test_01----01  start
2018-11-04 23:44:50,735 - framework - INFO - test_01____01 end
2018-11-04 23:44:50,735 - framework - INFO - test_01----01  start
2018-11-04 23:44:52,736 - framework - INFO - test_01____01 end
2018-11-04 23:44:52,737 - framework - INFO - test_01----02 start
2018-11-04 23:44:53,738 - framework - INFO - test_01------02  end
2018-11-04 23:44:53,741 - framework - INFO - test_02-----01  start
2018-11-04 23:44:56,742 - framework - INFO - test_02------01  end
2018-11-04 23:45:52,006 - framework - INFO - test_01----01  start
2018-11-04 23:45:54,006 - framework - INFO - test_01____01 end
2018-11-04 23:45:54,007 - framework - INFO - test_01----01  start
2018-11-04 23:45:56,007 - framework - INFO - test_01____01 end
2018-11-04 23:45:56,007 - framework - INFO - test_01----01  start
2018-11-04 23:45:58,009 - framework - INFO - test_01____01 end
2018-11-04 23:45:58,011 - framework - INFO - test_01----02 start
2018-11-04 23:45:59,012 - framework - INFO - test_01------02  end
2018-11-04 23:45:59,013 - framework - INFO - test_02-----01  start
2018-11-04 23:46:02,013 - framework - INFO - test_02------01  end
